abcdefghijklmnopqrstuvwxyzabcdefghijklmnopqrstuvwxyzabcdefghijklmnopqrstuvwxyzabcdefghijklmnopqrstuvwxyzabcdefghijklmnopqrstuvwxyzabcdefghijklmnopqrstuvwxyzabcdefghijklmnopqrstuvwxyzabcdefghijklmnopqrstuvwxyzabcdefghijklmnopqrstuvwxyzabcdefghijklmnopqrstuvwxyzabcdefghijklmnopqrstuvwxyz123456789abcdefghijklmnopqrstuvwxyz123456789abcdefghijklmnopqrstuvwxyz123456789abcdefghijklmnopqrstuvwxyz123456789abcdefghijklmnopqrstuvwxyz123456789abcdefghijklmnopqrstuvwxyz123456789abcdefghijklmnopqrstuvwxyz123456789abcdefghijklmnopqrstuvwxyz123456789abcdefghijklmnopqrstuvwxyz123456789abcdefghijklmnopqrstuvwxyz123456789abcdefghijklmnopqrstuvwxyz123456789abcdefghijklmnopqrstuvwxyz123456789abcdefghijklmnopqrstuvwxyz123456789abcdefghijklmnopqrstuvwxyz123456789abcdefghijklmnopqrstuvwxyz123456789abcdefghijklmnopqrstuvwxyz123456789abcdefghijklmnopqrstuvwxyz123456789abcdefghijklmnopqrstuvwxyz123456789abcdefghijklmnopqrstuvwxyz123456789abcdefghijklmnopqrstuvwxyz123456789abcdefghijklmnopqrstuvwxyz123456789abcdefghijklmnopqrstuvwxyz123456789abcdefghijklmnopqrstuvwxyz123456789abcdefghijklmnopqrstuvwxyz123456789abcdefghijklmnopqrstuvwxyz123456789abcdefghijklmnopqrstuvwxyz123456789abcdefghijklmnopqrstuvwxyz123456789abcdefghijklmnopqrstuvwxyz123456789abcdefghijklmnopqrstuvwxyz123456789abcdefghijklmnopqrstuvwxyz123456789abcdefghijklmnopqrstuvwxyz123456789abcdefghijklmnopqrstuvwxyz123456789abcdefghijklmnopqrstuvwxyz123456789abcdefghijklmnopqrstuvwxyz123456789abcdefghijklmnopqrstuvwxyz123456789abcdefghijklmnopqrstuvwxyz123456789abcdefghijklmnopqrstuvwxyz123456789abcdefghijklmnopqrstuvwxyz123456789abcdefghijklmnopqrstuvwxyz123456789abcdefghijklmnopqrstuvwxyz123456789abcdefghijklmnopqrstuvwxyz123456789abcdefghijklmnopqrstuvwxyz123456789abcdefghijklmnopqrstuvwxyz123456789abcdefghijklmnopqrstuvwxyz123456789abcdefghijklmnopqrstuvwxyz123456789abcdefghijklmnopqrstuvwxyz123456789abcdefghijklmnopqrstuvwxyz123456789abcdefghijklmnopqrstuvwxyz123456789abcdefghijklmnopqrstuvwxyz123456789abcdefghijklmnopqrstuvwxyz123456789abcdefghijklmnopqrstuvwxyz123456789abcdefghijklmnopqrstuvwxyz123456789abcdefghijklmnopqrstuvwxyz123456789abcdefghijklmnopqrstuvwxyz123456789abcdefghijklmnopqrstuvwxyz123456789abcdefghijklmnopqrstuvwxyz123456789abcdefghijklmnopqrstuvwxyz123456789abcdefghijklmnopqrstuvwxyz123456789abcdefghijklmnopqrstuvwxyz123456789abcdefghijklmnopqrstuvwxyz123456789abcdefghijklmnopqrstuvwxyz123456789abcdefghijklmnopqrstuvwxyz123456789abcdefghijklmnopqrstuvwxyz123456789abcdefghijklmnopqrstuvwxyz123456789abcdefghijklmnopqrstuvwxyz123456789abcdefghijklmnopqrstuvwxyz123456789abcdefghijklmnopqrstuvwxyz123456789abcdefghijklmnopqrstuvwxyz123456789abcdefghijklmnopqrstuvwxyz123456789abcdefghijklmnopqrstuvwxyz123456789abcdefghijklmnopqrstuvwxyz123456789abcdefghijklmnopqrstuvwxyz123456789abcdefghijklmnopqrstuvwxyz123456789abcdefghijklmnopqrstuvwxyz123456789abcdefghijklmnopqrstuvwxyz123456789abcdefghijklmnopqrstuvwxyz123456789abcdefghijklmnopqrstuvwxyz123456789abcdefghijklmnopqrstuvwxyz123456789abcdefghijklmnopqrstuvwxyz123456789abcdefghijklmnopqrstuvwxyz123456789abcdefghijklmnopqrstuvwxyz123456789abcdefghijklmnopqrstuvwxyz123456789abcdefghijklmnopqrstuvwxyz123456789abcdefghijklmnopqrstuvwxyz123456789abcdefghijklmnopqrstuvwxyz123456789abcdefghijklmnopqrstuvwxyz123456789abcdefghijklmnopqrstuvwxyz123456789abcdefghijklmnopqrstuvwxyz123456789abcdefghijklmnopqrstuvwxyz123456789abcdefghijklmnopqrstuvwxyz123456789123456789123456789123456789123456789123456789123456789123456789123456789123456789123456789